Should match snapshot:
  1: |
    apiVersion: rbac.authorization.k8s.io/v1
    kind: ClusterRole
    metadata:
      name: RELEASE-NAME-ngrok-operator-agent-role
    rules:
      - apiGroups:
          - ingress.k8s.ngrok.com
        resources:
          - tunnels
        verbs:
          - get
          - list
          - watch
          - patch
          - update
      - apiGroups:
          - ingress.k8s.ngrok.com
        resources:
          - tunnels/finalizers
        verbs:
          - update
      - apiGroups:
          - ingress.k8s.ngrok.com
        resources:
          - tunnels/status
        verbs:
          - get
          - patch
          - update
      - apiGroups:
          - ""
        resources:
          - events
        verbs:
          - create
          - patch
  2: |
    apiVersion: rbac.authorization.k8s.io/v1
    kind: ClusterRoleBinding
    metadata:
      name: RELEASE-NAME-ngrok-operator-agent-rolebinding
    roleRef:
      apiGroup: rbac.authorization.k8s.io
      kind: ClusterRole
      name: RELEASE-NAME-ngrok-operator-agent-role
    subjects:
      - kind: ServiceAccount
        name: RELEASE-NAME-ngrok-operator-agent
        namespace: NAMESPACE
