Should match snapshot:
  1: |
    apiVersion: networking.k8s.io/v1
    kind: IngressClass
    metadata:
      labels:
        app.kubernetes.io/component: controller
        app.kubernetes.io/instance: RELEASE-NAME
        app.kubernetes.io/managed-by: Helm
        app.kubernetes.io/name: ngrok-operator
        app.kubernetes.io/part-of: ngrok-operator
        app.kubernetes.io/version: 0.14.0
        helm.sh/chart: ngrok-operator-0.17.0-rc.1
      name: ngrok
    spec:
      controller: k8s.ngrok.com/ingress-controller
