Should match all-options snapshot:
  1: |
    apiVersion: apps/v1
    kind: Deployment
    metadata:
      annotations:
        checksum/controller-role: e82dcab3ad4d03739f251c7b07a2af02c401d664726314ec52eefc966f8d7c60
        checksum/rbac: d31fdcb337a6f1ee71323040c2cbc4d5580d73ae5f7623cd19be57db97f748c1
      labels:
        app.kubernetes.io/component: controller
        app.kubernetes.io/instance: RELEASE-NAME
        app.kubernetes.io/managed-by: Helm
        app.kubernetes.io/name: kubernetes-ingress-controller
        app.kubernetes.io/part-of: kubernetes-ingress-controller
        app.kubernetes.io/version: 0.4.0
        helm.sh/chart: kubernetes-ingress-controller-0.6.0
      name: RELEASE-NAME-kubernetes-ingress-controller-manager
      namespace: NAMESPACE
    spec:
      replicas: 1
      selector:
        matchLabels:
          app.kubernetes.io/component: controller
          app.kubernetes.io/instance: RELEASE-NAME
          app.kubernetes.io/name: kubernetes-ingress-controller
      template:
        metadata:
          annotations:
            kubectl.kubernetes.io/default-container: manager
            prometheus.io/path: /metrics
            prometheus.io/port: "8080"
            prometheus.io/scrape: "true"
          labels:
            app.kubernetes.io/component: controller
            app.kubernetes.io/instance: RELEASE-NAME
            app.kubernetes.io/name: kubernetes-ingress-controller
        spec:
          containers:
          - args:
            - --controller-name=k8s.ngrok.com/ingress-controller
            - --health-probe-bind-address=:8081
            - --metrics-bind-address=:8080
            - --election-id=RELEASE-NAME-kubernetes-ingress-controller-leader
            command:
            - /manager
            env:
            - name: NGROK_API_KEY
              valueFrom:
                secretKeyRef:
                  key: API_KEY
                  name: RELEASE-NAME-kubernetes-ingress-controller-credentials
            - name: NGROK_AUTHTOKEN
              valueFrom:
                secretKeyRef:
                  key: AUTHTOKEN
                  name: RELEASE-NAME-kubernetes-ingress-controller-credentials
            - name: POD_NAMESPACE
              valueFrom:
                fieldRef:
                  fieldPath: metadata.namespace
            - name: SECRET_ENV_VAR
              value:
                secretKeyRef:
                  key: test-key
                value: test-value
            - name: TEST_ENV_VAR
              value: test
            image: docker.io/ngrok/kubernetes-ingress-controller:latest
            imagePullPolicy: IfNotPresent
            livenessProbe:
              httpGet:
                path: /healthz
                port: 8081
              initialDelaySeconds: 15
              periodSeconds: 20
            name: ngrok-ingress-controller
            readinessProbe:
              httpGet:
                path: /readyz
                port: 8081
              initialDelaySeconds: 5
              periodSeconds: 10
            resources:
              limits: {}
              requests: {}
            securityContext:
              allowPrivilegeEscalation: false
            volumeMounts:
            - mountPath: /test-volume
              name: test-volume
          serviceAccountName: RELEASE-NAME-kubernetes-ingress-controller
          volumes:
          - emptyDir: {}
            name: test-volume
  2: |
    apiVersion: rbac.authorization.k8s.io/v1
    kind: Role
    metadata:
      name: ngrok-ingress-controller-leader-election-role
      namespace: NAMESPACE
    rules:
    - apiGroups:
      - ""
      resources:
      - configmaps
      verbs:
      - get
      - list
      - watch
      - create
      - update
      - patch
      - delete
    - apiGroups:
      - coordination.k8s.io
      resources:
      - leases
      verbs:
      - get
      - list
      - watch
      - create
      - update
      - patch
      - delete
    - apiGroups:
      - ""
      resources:
      - events
      verbs:
      - create
      - patch
  3: |
    apiVersion: rbac.authorization.k8s.io/v1
    kind: ClusterRole
    metadata:
      name: ngrok-ingress-controller-proxy-role
    rules:
    - apiGroups:
      - authentication.k8s.io
      resources:
      - tokenreviews
      verbs:
      - create
    - apiGroups:
      - authorization.k8s.io
      resources:
      - subjectaccessreviews
      verbs:
      - create
  4: |
    apiVersion: rbac.authorization.k8s.io/v1
    kind: RoleBinding
    metadata:
      name: ngrok-ingress-controller-leader-election-rolebinding
      namespace: NAMESPACE
    roleRef:
      apiGroup: rbac.authorization.k8s.io
      kind: Role
      name: ngrok-ingress-controller-leader-election-role
    subjects:
    - kind: ServiceAccount
      name: RELEASE-NAME-kubernetes-ingress-controller
      namespace: NAMESPACE
  5: |
    apiVersion: rbac.authorization.k8s.io/v1
    kind: ClusterRoleBinding
    metadata:
      name: ngrok-ingress-controller-manager-rolebinding
    roleRef:
      apiGroup: rbac.authorization.k8s.io
      kind: ClusterRole
      name: ngrok-ingress-controller-manager-role
    subjects:
    - kind: ServiceAccount
      name: RELEASE-NAME-kubernetes-ingress-controller
      namespace: NAMESPACE
  6: |
    apiVersion: rbac.authorization.k8s.io/v1
    kind: ClusterRoleBinding
    metadata:
      name: ngrok-ingress-controller-proxy-rolebinding
    roleRef:
      apiGroup: rbac.authorization.k8s.io
      kind: ClusterRole
      name: ngrok-ingress-controller-proxy-role
    subjects:
    - kind: ServiceAccount
      name: RELEASE-NAME-kubernetes-ingress-controller
      namespace: NAMESPACE
  7: |
    apiVersion: rbac.authorization.k8s.io/v1
    kind: ClusterRole
    metadata:
      creationTimestamp: null
      name: ngrok-ingress-controller-manager-role
    rules:
    - apiGroups:
      - ""
      resources:
      - configmaps
      verbs:
      - create
      - delete
      - get
      - list
      - update
      - watch
    - apiGroups:
      - ""
      resources:
      - events
      verbs:
      - create
      - patch
    - apiGroups:
      - ""
      resources:
      - secrets
      verbs:
      - get
      - list
      - watch
    - apiGroups:
      - ingress.k8s.ngrok.com
      resources:
      - domains
      verbs:
      - create
      - delete
      - get
      - list
      - patch
      - update
      - watch
    - apiGroups:
      - ingress.k8s.ngrok.com
      resources:
      - domains/finalizers
      verbs:
      - update
    - apiGroups:
      - ingress.k8s.ngrok.com
      resources:
      - domains/status
      verbs:
      - get
      - patch
      - update
    - apiGroups:
      - ingress.k8s.ngrok.com
      resources:
      - httpsedges
      verbs:
      - create
      - delete
      - get
      - list
      - patch
      - update
      - watch
    - apiGroups:
      - ingress.k8s.ngrok.com
      resources:
      - httpsedges/finalizers
      verbs:
      - update
    - apiGroups:
      - ingress.k8s.ngrok.com
      resources:
      - httpsedges/status
      verbs:
      - get
      - patch
      - update
    - apiGroups:
      - ingress.k8s.ngrok.com
      resources:
      - ippolicies
      verbs:
      - create
      - delete
      - get
      - list
      - patch
      - update
      - watch
    - apiGroups:
      - ingress.k8s.ngrok.com
      resources:
      - ippolicies/finalizers
      verbs:
      - update
    - apiGroups:
      - ingress.k8s.ngrok.com
      resources:
      - ippolicies/status
      verbs:
      - get
      - patch
      - update
    - apiGroups:
      - ingress.k8s.ngrok.com
      resources:
      - tcpedges
      verbs:
      - create
      - delete
      - get
      - list
      - patch
      - update
      - watch
    - apiGroups:
      - ingress.k8s.ngrok.com
      resources:
      - tcpedges/finalizers
      verbs:
      - update
    - apiGroups:
      - ingress.k8s.ngrok.com
      resources:
      - tcpedges/status
      verbs:
      - get
      - patch
      - update
    - apiGroups:
      - ingress.k8s.ngrok.com
      resources:
      - tunnels
      verbs:
      - create
      - delete
      - get
      - list
      - patch
      - update
      - watch
    - apiGroups:
      - ingress.k8s.ngrok.com
      resources:
      - tunnels/finalizers
      verbs:
      - update
    - apiGroups:
      - ingress.k8s.ngrok.com
      resources:
      - tunnels/status
      verbs:
      - get
      - patch
      - update
    - apiGroups:
      - networking.k8s.io
      resources:
      - ingressclasses
      verbs:
      - get
      - list
      - watch
    - apiGroups:
      - networking.k8s.io
      resources:
      - ingresses
      verbs:
      - get
      - list
      - update
      - watch
    - apiGroups:
      - networking.k8s.io
      resources:
      - ingresses/status
      verbs:
      - get
      - list
      - update
      - watch
Should match default snapshot:
  1: |
    apiVersion: apps/v1
    kind: Deployment
    metadata:
      annotations:
        checksum/controller-role: e82dcab3ad4d03739f251c7b07a2af02c401d664726314ec52eefc966f8d7c60
        checksum/rbac: d31fdcb337a6f1ee71323040c2cbc4d5580d73ae5f7623cd19be57db97f748c1
      labels:
        app.kubernetes.io/component: controller
        app.kubernetes.io/instance: RELEASE-NAME
        app.kubernetes.io/managed-by: Helm
        app.kubernetes.io/name: kubernetes-ingress-controller
        app.kubernetes.io/part-of: kubernetes-ingress-controller
        app.kubernetes.io/version: 0.4.0
        helm.sh/chart: kubernetes-ingress-controller-0.6.0
      name: RELEASE-NAME-kubernetes-ingress-controller-manager
      namespace: NAMESPACE
    spec:
      replicas: 1
      selector:
        matchLabels:
          app.kubernetes.io/component: controller
          app.kubernetes.io/instance: RELEASE-NAME
          app.kubernetes.io/name: kubernetes-ingress-controller
      template:
        metadata:
          annotations:
            kubectl.kubernetes.io/default-container: manager
            prometheus.io/path: /metrics
            prometheus.io/port: "8080"
            prometheus.io/scrape: "true"
          labels:
            app.kubernetes.io/component: controller
            app.kubernetes.io/instance: RELEASE-NAME
            app.kubernetes.io/name: kubernetes-ingress-controller
        spec:
          containers:
          - args:
            - --controller-name=k8s.ngrok.com/ingress-controller
            - --health-probe-bind-address=:8081
            - --metrics-bind-address=:8080
            - --election-id=RELEASE-NAME-kubernetes-ingress-controller-leader
            command:
            - /manager
            env:
            - name: NGROK_API_KEY
              valueFrom:
                secretKeyRef:
                  key: API_KEY
                  name: RELEASE-NAME-kubernetes-ingress-controller-credentials
            - name: NGROK_AUTHTOKEN
              valueFrom:
                secretKeyRef:
                  key: AUTHTOKEN
                  name: RELEASE-NAME-kubernetes-ingress-controller-credentials
            - name: POD_NAMESPACE
              valueFrom:
                fieldRef:
                  fieldPath: metadata.namespace
            image: docker.io/ngrok/kubernetes-ingress-controller:latest
            imagePullPolicy: IfNotPresent
            livenessProbe:
              httpGet:
                path: /healthz
                port: 8081
              initialDelaySeconds: 15
              periodSeconds: 20
            name: ngrok-ingress-controller
            readinessProbe:
              httpGet:
                path: /readyz
                port: 8081
              initialDelaySeconds: 5
              periodSeconds: 10
            resources:
              limits: {}
              requests: {}
            securityContext:
              allowPrivilegeEscalation: false
          serviceAccountName: RELEASE-NAME-kubernetes-ingress-controller
  2: |
    apiVersion: rbac.authorization.k8s.io/v1
    kind: Role
    metadata:
      name: ngrok-ingress-controller-leader-election-role
      namespace: NAMESPACE
    rules:
    - apiGroups:
      - ""
      resources:
      - configmaps
      verbs:
      - get
      - list
      - watch
      - create
      - update
      - patch
      - delete
    - apiGroups:
      - coordination.k8s.io
      resources:
      - leases
      verbs:
      - get
      - list
      - watch
      - create
      - update
      - patch
      - delete
    - apiGroups:
      - ""
      resources:
      - events
      verbs:
      - create
      - patch
  3: |
    apiVersion: rbac.authorization.k8s.io/v1
    kind: ClusterRole
    metadata:
      name: ngrok-ingress-controller-proxy-role
    rules:
    - apiGroups:
      - authentication.k8s.io
      resources:
      - tokenreviews
      verbs:
      - create
    - apiGroups:
      - authorization.k8s.io
      resources:
      - subjectaccessreviews
      verbs:
      - create
  4: |
    apiVersion: rbac.authorization.k8s.io/v1
    kind: RoleBinding
    metadata:
      name: ngrok-ingress-controller-leader-election-rolebinding
      namespace: NAMESPACE
    roleRef:
      apiGroup: rbac.authorization.k8s.io
      kind: Role
      name: ngrok-ingress-controller-leader-election-role
    subjects:
    - kind: ServiceAccount
      name: RELEASE-NAME-kubernetes-ingress-controller
      namespace: NAMESPACE
  5: |
    apiVersion: rbac.authorization.k8s.io/v1
    kind: ClusterRoleBinding
    metadata:
      name: ngrok-ingress-controller-manager-rolebinding
    roleRef:
      apiGroup: rbac.authorization.k8s.io
      kind: ClusterRole
      name: ngrok-ingress-controller-manager-role
    subjects:
    - kind: ServiceAccount
      name: RELEASE-NAME-kubernetes-ingress-controller
      namespace: NAMESPACE
  6: |
    apiVersion: rbac.authorization.k8s.io/v1
    kind: ClusterRoleBinding
    metadata:
      name: ngrok-ingress-controller-proxy-rolebinding
    roleRef:
      apiGroup: rbac.authorization.k8s.io
      kind: ClusterRole
      name: ngrok-ingress-controller-proxy-role
    subjects:
    - kind: ServiceAccount
      name: RELEASE-NAME-kubernetes-ingress-controller
      namespace: NAMESPACE
  7: |
    apiVersion: rbac.authorization.k8s.io/v1
    kind: ClusterRole
    metadata:
      creationTimestamp: null
      name: ngrok-ingress-controller-manager-role
    rules:
    - apiGroups:
      - ""
      resources:
      - configmaps
      verbs:
      - create
      - delete
      - get
      - list
      - update
      - watch
    - apiGroups:
      - ""
      resources:
      - events
      verbs:
      - create
      - patch
    - apiGroups:
      - ""
      resources:
      - secrets
      verbs:
      - get
      - list
      - watch
    - apiGroups:
      - ingress.k8s.ngrok.com
      resources:
      - domains
      verbs:
      - create
      - delete
      - get
      - list
      - patch
      - update
      - watch
    - apiGroups:
      - ingress.k8s.ngrok.com
      resources:
      - domains/finalizers
      verbs:
      - update
    - apiGroups:
      - ingress.k8s.ngrok.com
      resources:
      - domains/status
      verbs:
      - get
      - patch
      - update
    - apiGroups:
      - ingress.k8s.ngrok.com
      resources:
      - httpsedges
      verbs:
      - create
      - delete
      - get
      - list
      - patch
      - update
      - watch
    - apiGroups:
      - ingress.k8s.ngrok.com
      resources:
      - httpsedges/finalizers
      verbs:
      - update
    - apiGroups:
      - ingress.k8s.ngrok.com
      resources:
      - httpsedges/status
      verbs:
      - get
      - patch
      - update
    - apiGroups:
      - ingress.k8s.ngrok.com
      resources:
      - ippolicies
      verbs:
      - create
      - delete
      - get
      - list
      - patch
      - update
      - watch
    - apiGroups:
      - ingress.k8s.ngrok.com
      resources:
      - ippolicies/finalizers
      verbs:
      - update
    - apiGroups:
      - ingress.k8s.ngrok.com
      resources:
      - ippolicies/status
      verbs:
      - get
      - patch
      - update
    - apiGroups:
      - ingress.k8s.ngrok.com
      resources:
      - tcpedges
      verbs:
      - create
      - delete
      - get
      - list
      - patch
      - update
      - watch
    - apiGroups:
      - ingress.k8s.ngrok.com
      resources:
      - tcpedges/finalizers
      verbs:
      - update
    - apiGroups:
      - ingress.k8s.ngrok.com
      resources:
      - tcpedges/status
      verbs:
      - get
      - patch
      - update
    - apiGroups:
      - ingress.k8s.ngrok.com
      resources:
      - tunnels
      verbs:
      - create
      - delete
      - get
      - list
      - patch
      - update
      - watch
    - apiGroups:
      - ingress.k8s.ngrok.com
      resources:
      - tunnels/finalizers
      verbs:
      - update
    - apiGroups:
      - ingress.k8s.ngrok.com
      resources:
      - tunnels/status
      verbs:
      - get
      - patch
      - update
    - apiGroups:
      - networking.k8s.io
      resources:
      - ingressclasses
      verbs:
      - get
      - list
      - watch
    - apiGroups:
      - networking.k8s.io
      resources:
      - ingresses
      verbs:
      - get
      - list
      - update
      - watch
    - apiGroups:
      - networking.k8s.io
      resources:
      - ingresses/status
      verbs:
      - get
      - list
      - update
      - watch
