Should match the snapshot:
  1: |
    apiVersion: v1
    kind: ServiceAccount
    metadata:
      labels:
        app.kubernetes.io/component: controller
        app.kubernetes.io/instance: test-release
        app.kubernetes.io/managed-by: Helm
        app.kubernetes.io/name: ngrok-ingress-controller
        app.kubernetes.io/part-of: ngrok-ingress-controller
        app.kubernetes.io/version: 0.1.0
        helm.sh/chart: ngrok-ingress-controller-0.2.0
      name: test-release-ngrok-ingress-controller
      namespace: test-namespace
