Should match snapshot:
  1: |
    apiVersion: rbac.authorization.k8s.io/v1
    kind: Role
    metadata:
      name: ngrok-ingress-controller-leader-election-role
      namespace: NAMESPACE
    rules:
    - apiGroups:
      - ""
      resources:
      - configmaps
      verbs:
      - get
      - list
      - watch
      - create
      - update
      - patch
      - delete
    - apiGroups:
      - coordination.k8s.io
      resources:
      - leases
      verbs:
      - get
      - list
      - watch
      - create
      - update
      - patch
      - delete
    - apiGroups:
      - ""
      resources:
      - events
      verbs:
      - create
      - patch
  2: |
    apiVersion: rbac.authorization.k8s.io/v1
    kind: ClusterRole
    metadata:
      name: ngrok-ingress-controller-proxy-role
    rules:
    - apiGroups:
      - authentication.k8s.io
      resources:
      - tokenreviews
      verbs:
      - create
    - apiGroups:
      - authorization.k8s.io
      resources:
      - subjectaccessreviews
      verbs:
      - create
  3: |
    apiVersion: rbac.authorization.k8s.io/v1
    kind: RoleBinding
    metadata:
      name: ngrok-ingress-controller-leader-election-rolebinding
      namespace: NAMESPACE
    roleRef:
      apiGroup: rbac.authorization.k8s.io
      kind: Role
      name: ngrok-ingress-controller-leader-election-role
    subjects:
    - kind: ServiceAccount
      name: RELEASE-NAME-kubernetes-ingress-controller
      namespace: NAMESPACE
  4: |
    apiVersion: rbac.authorization.k8s.io/v1
    kind: ClusterRoleBinding
    metadata:
      name: ngrok-ingress-controller-manager-rolebinding
    roleRef:
      apiGroup: rbac.authorization.k8s.io
      kind: ClusterRole
      name: ngrok-ingress-controller-manager-role
    subjects:
    - kind: ServiceAccount
      name: RELEASE-NAME-kubernetes-ingress-controller
      namespace: NAMESPACE
  5: |
    apiVersion: rbac.authorization.k8s.io/v1
    kind: ClusterRoleBinding
    metadata:
      name: ngrok-ingress-controller-proxy-rolebinding
    roleRef:
      apiGroup: rbac.authorization.k8s.io
      kind: ClusterRole
      name: ngrok-ingress-controller-proxy-role
    subjects:
    - kind: ServiceAccount
      name: RELEASE-NAME-kubernetes-ingress-controller
      namespace: NAMESPACE
