Should match snapshot:
  1: |
    apiVersion: v1
    data:
      API_KEY: dGVzdC1hcGkta2V5
      AUTHTOKEN: dGVzdC1hdXRodG9rZW4=
    kind: Secret
    metadata:
      name: ngrok-ingress-controller-credentials
    type: Opaque
