Should match snapshot:
  1: |
    apiVersion: networking.k8s.io/v1
    kind: IngressClass
    metadata:
      labels:
        app.kubernetes.io/component: controller
        app.kubernetes.io/instance: RELEASE-NAME
        app.kubernetes.io/managed-by: Helm
        app.kubernetes.io/name: kubernetes-ingress-controller
        app.kubernetes.io/part-of: kubernetes-ingress-controller
        app.kubernetes.io/version: 0.4.0
        helm.sh/chart: kubernetes-ingress-controller-0.6.0
      name: ngrok
    spec:
      controller: k8s.ngrok.com/ingress-controller
